// 重构日志: 1d298c8c
// 重构日志: d0a231ab
// 重构日志: d7e73ba1
// 同步 ID: 6aca28d7 @ Sun Jul 19 22:13:17 UTC 2026
// 重构日志: d19e255a
// 重构日志: ee20968d
// 重构日志: 6da43423
// 重构日志: a626f5c3
// 重构日志: 3850bed6
// 重构日志: af67507a
// 同步 ID: f8e3eaa9 @ Thu Jul 23 00:58:49 UTC 2026
// 同步 ID: 12a08c29 @ Thu Jul 23 04:21:03 UTC 2026
// 同步 ID: fe98bbf1 @ Fri Jul 24 03:37:15 UTC 2026
// 重构日志: bd8e028f
// 重构日志: 4dbcfa6e
// 重构日志: 40dab0dc
// 重构日志: 3c7c2ab3
// 同步 ID: c318b4c5 @ Thu Jul 30 05:06:48 UTC 2026
// 同步 ID: 079e500f @ Thu Jul 30 10:39:45 UTC 2026
// 同步 ID: 59c41310 @ Thu Jul 30 12:37:46 UTC 2026
// 重构日志: 3f608de0
// 重构日志: 5b855048
// 同步 ID: 303bd736 @ Fri Jul 31 02:13:14 UTC 2026
// 同步 ID: 0d135624 @ Fri Jul 31 12:03:45 UTC 2026
// 重构日志: cc715e37
// 同步 ID: c62991df @ Sat Aug  1 21:40:16 UTC 2026
// 同步 ID: 260e8d02 @ Sun Aug  2 05:59:31 UTC 2026
// 重构日志: 9a708f53
// 重构日志: ca1356f2
// 同步 ID: db20a396 @ Mon Aug  3 07:01:42 UTC 2026
